// Jest Snapshot v1, https://goo.gl/fbAQLP

exports[`build 1`] = `
"export declare function adminPath(): string;
export declare function adminEpisodesPath(): string;
export declare function adminEpisodePath(:id: string | number): string;
export declare function adminEpisodeCommentPath(:id: string | number): string;
export declare function newAdminEpisodePath(): string;"
`;

exports[`build 2`] = `
"export function adminPath() {
  return '/admin';
}

export function adminEpisodesPath() {
  return '/admin/episodes';
}

export function adminEpisodePath(:id) {
  return '/admin' + '/episodes' + '/' + id;
}

export function adminEpisodeCommentPath(:id) {
  return '/admin' + '/episodes' + '/' + id + '/comments';
}

export function newAdminEpisodePath() {
  return '/admin/episodes/new';
}
"
`;

exports[`build 3`] = `"{\\"name\\":\\".remix-routes\\",\\"main\\":\\"index.js\\",\\"types\\":\\"index.d.ts\\"}"`;
