// Jest Snapshot v1, https://goo.gl/fbAQLP

exports[`build 1`] = `
"export declare function chatPath(season: string | number, episode: string | number, slug: string | number): string;
export declare function chatPath(season: string | number, episode: string | number): string;

export declare function sPath(query: string | number): string;

export declare function creditsPath(): string;

export declare function adminPath(): string;

export declare function adminEpisodesPath(): string;

export declare function adminEpisodePath(id: string | number): string;

export declare function adminEpisodeCommentsPath(id: string | number): string;

export declare function newAdminEpisodePath(): string;

export declare function jokesPath(): string;

export declare function jokePath(jokeId: string | number): string;

export declare function rootPath(): string;"
`;

exports[`build 2`] = `
"export function chatPath(...args) {
  if (args.length === 3) {
    return '/chats' + '/' + season + '/' + episode + '/' + slug;
  }
  if (args.length === 2) {
    return '/chats' + '/' + season + '/' + episode;
  }
}

export function sPath(query) {
  return '/s' + '/' + query;
}

export function creditsPath() {
  return '/credits';
}

export function adminPath() {
  return '/admin';
}

export function adminEpisodesPath() {
  return '/admin/episodes';
}

export function adminEpisodePath(id) {
  return '/admin' + '/episodes' + '/' + id;
}

export function adminEpisodeCommentsPath(id) {
  return '/admin' + '/episodes' + '/' + id + '/comments';
}

export function newAdminEpisodePath() {
  return '/admin/episodes/new';
}

export function jokesPath() {
  return '/jokes';
}

export function jokePath(jokeId) {
  return '/jokes' + '/' + jokeId;
}

export function rootPath() {
  return '/';
}"
`;

exports[`build 3`] = `"{\\"name\\":\\".remix-routes\\",\\"main\\":\\"index.js\\",\\"types\\":\\"index.d.ts\\"}"`;
